[0.015s][info][gc] Using Concurrent Mark Sweep
[15.164s][info][gc] GC(0) Pause Young (Allocation Failure) 13M->3M(48M) 16.494ms
[32.818s][info][gc] GC(1) Pause Young (Allocation Failure) 17M->6M(48M) 12.859ms
[52.265s][info][gc] GC(2) Pause Young (Allocation Failure) 20M->9M(48M) 11.485ms
[71.543s][info][gc] GC(3) Pause Young (Allocation Failure) 23M->13M(48M) 13.309ms
[93.711s][info][gc] GC(4) Pause Young (Allocation Failure) 26M->16M(48M) 14.528ms
[115.795s][info][gc] GC(5) Pause Young (Allocation Failure) 29M->20M(48M) 16.861ms
[115.796s][info][gc] GC(6) Pause Initial Mark 20M->20M(48M) 0.652ms
[115.796s][info][gc] GC(6) Concurrent Mark
[115.814s][info][gc] GC(6) Concurrent Mark 17.608ms
[115.814s][info][gc] GC(6) Concurrent Preclean
[115.814s][info][gc] GC(6) Concurrent Preclean 0.283ms
[115.818s][info][gc] GC(6) Pause Remark 20M->20M(48M) 3.461ms
[115.818s][info][gc] GC(6) Concurrent Sweep
[115.827s][info][gc] GC(6) Concurrent Sweep 8.746ms
[115.827s][info][gc] GC(6) Concurrent Reset
[115.827s][info][gc] GC(6) Concurrent Reset 0.044ms
[137.908s][info][gc] GC(7) Pause Young (Allocation Failure) 33M->23M(48M) 18.763ms
[159.937s][info][gc] GC(8) Pause Young (Allocation Failure) 36M->26M(48M) 18.006ms
[182.225s][info][gc] GC(9) Pause Young (Allocation Failure) 40M->30M(48M) 13.780ms
[182.225s][info][gc] GC(10) Pause Initial Mark 30M->30M(48M) 0.466ms
[182.225s][info][gc] GC(10) Concurrent Mark
[182.244s][info][gc] GC(10) Concurrent Mark 19.269ms
[182.245s][info][gc] GC(10) Concurrent Preclean
[182.245s][info][gc] GC(10) Concurrent Preclean 0.149ms
[182.247s][info][gc] GC(10) Pause Remark 30M->30M(48M) 2.530ms
[182.247s][info][gc] GC(10) Concurrent Sweep
[182.258s][info][gc] GC(10) Concurrent Sweep 10.303ms
[182.258s][info][gc] GC(10) Concurrent Reset
[182.258s][info][gc] GC(10) Concurrent Reset 0.027ms
[184.259s][info][gc] GC(11) Pause Initial Mark 31M->31M(48M) 1.679ms
[184.263s][info][gc] GC(11) Concurrent Mark
[184.286s][info][gc] GC(11) Concurrent Mark 23.398ms
[184.286s][info][gc] GC(11) Concurrent Preclean
[184.287s][info][gc] GC(11) Concurrent Preclean 0.149ms
[184.289s][info][gc] GC(11) Pause Remark 31M->31M(48M) 2.264ms
[184.289s][info][gc] GC(11) Concurrent Sweep
[184.299s][info][gc] GC(11) Concurrent Sweep 10.410ms
[184.299s][info][gc] GC(11) Concurrent Reset
[184.299s][info][gc] GC(11) Concurrent Reset 0.029ms
[186.306s][info][gc] GC(12) Pause Initial Mark 33M->33M(48M) 1.849ms
[186.306s][info][gc] GC(12) Concurrent Mark
[186.328s][info][gc] GC(12) Concurrent Mark 21.969ms
[186.328s][info][gc] GC(12) Concurrent Preclean
[186.328s][info][gc] GC(12) Concurrent Preclean 0.145ms
[186.328s][info][gc] GC(12) Concurrent Abortable Preclean
[191.336s][info][gc] GC(12) Concurrent Abortable Preclean 5007.545ms
[191.339s][info][gc] GC(12) Pause Remark 36M->36M(48M) 2.911ms
[191.339s][info][gc] GC(12) Concurrent Sweep
[191.349s][info][gc] GC(12) Concurrent Sweep 10.258ms
[191.349s][info][gc] GC(12) Concurrent Reset
[191.349s][info][gc] GC(12) Concurrent Reset 0.030ms
[193.355s][info][gc] GC(13) Pause Initial Mark 37M->37M(48M) 3.318ms
[193.355s][info][gc] GC(13) Concurrent Mark
[193.376s][info][gc] GC(13) Concurrent Mark 20.785ms
[193.376s][info][gc] GC(13) Concurrent Preclean
[193.376s][info][gc] GC(13) Concurrent Preclean 0.142ms
[193.376s][info][gc] GC(13) Concurrent Abortable Preclean
[198.439s][info][gc] GC(13) Concurrent Abortable Preclean 5063.328ms
[198.443s][info][gc] GC(13) Pause Remark 40M->40M(48M) 3.403ms
[198.443s][info][gc] GC(13) Concurrent Sweep
[198.453s][info][gc] GC(13) Concurrent Sweep 10.432ms
[198.453s][info][gc] GC(13) Concurrent Reset
[198.453s][info][gc] GC(13) Concurrent Reset 0.030ms
[200.461s][info][gc] GC(14) Pause Initial Mark 41M->41M(48M) 4.912ms
[200.461s][info][gc] GC(14) Concurrent Mark
[200.481s][info][gc] GC(14) Concurrent Mark 20.057ms
[200.481s][info][gc] GC(14) Concurrent Preclean
[200.481s][info][gc] GC(14) Concurrent Preclean 0.144ms
[200.481s][info][gc] GC(14) Concurrent Abortable Preclean
[204.395s][info][gc] GC(15) Pause Young (Allocation Failure) 43M->33M(48M) 11.179ms
[204.398s][info][gc] GC(14) Concurrent Abortable Preclean 3917.074ms
[204.400s][info][gc] GC(14) Pause Remark 34M->34M(48M) 2.136ms
[204.400s][info][gc] GC(14) Concurrent Sweep
[204.412s][info][gc] GC(14) Concurrent Sweep 11.848ms
[204.412s][info][gc] GC(14) Concurrent Reset
[204.412s][info][gc] GC(14) Concurrent Reset 0.028ms
[206.414s][info][gc] GC(16) Pause Initial Mark 35M->35M(48M) 1.531ms
[206.415s][info][gc] GC(16) Concurrent Mark
[206.439s][info][gc] GC(16) Concurrent Mark 24.609ms
[206.439s][info][gc] GC(16) Concurrent Preclean
[206.439s][info][gc] GC(16) Concurrent Preclean 0.145ms
[206.442s][info][gc] GC(16) Pause Remark 35M->35M(48M) 2.290ms
[206.442s][info][gc] GC(16) Concurrent Sweep
[206.453s][info][gc] GC(16) Concurrent Sweep 11.424ms
[206.453s][info][gc] GC(16) Concurrent Reset
[206.453s][info][gc] GC(16) Concurrent Reset 0.026ms
[208.458s][info][gc] GC(17) Pause Initial Mark 36M->36M(48M) 2.767ms
[208.458s][info][gc] GC(17) Concurrent Mark
[208.483s][info][gc] GC(17) Concurrent Mark 25.615ms
[208.483s][info][gc] GC(17) Concurrent Preclean
[208.484s][info][gc] GC(17) Concurrent Preclean 0.144ms
[208.484s][info][gc] GC(17) Concurrent Abortable Preclean
[208.484s][info][gc] GC(17) Concurrent Abortable Preclean 0.012ms
[208.486s][info][gc] GC(17) Pause Remark 36M->36M(48M) 2.422ms
[208.486s][info][gc] GC(17) Concurrent Sweep
[208.498s][info][gc] GC(17) Concurrent Sweep 11.429ms
[208.498s][info][gc] GC(17) Concurrent Reset
[208.498s][info][gc] GC(17) Concurrent Reset 0.026ms
[210.502s][info][gc] GC(18) Pause Initial Mark 37M->37M(48M) 2.840ms
[210.502s][info][gc] GC(18) Concurrent Mark
[210.534s][info][gc] GC(18) Concurrent Mark 32.441ms
[210.534s][info][gc] GC(18) Concurrent Preclean
[210.534s][info][gc] GC(18) Concurrent Preclean 0.177ms
[210.534s][info][gc] GC(18) Concurrent Abortable Preclean
[210.534s][info][gc] GC(18) Concurrent Abortable Preclean 0.013ms
[210.537s][info][gc] GC(18) Pause Remark 37M->37M(48M) 2.857ms
[210.537s][info][gc] GC(18) Concurrent Sweep
[210.550s][info][gc] GC(18) Concurrent Sweep 12.236ms
[210.550s][info][gc] GC(18) Concurrent Reset
[210.550s][info][gc] GC(18) Concurrent Reset 0.058ms
[212.554s][info][gc] GC(19) Pause Initial Mark 39M->39M(48M) 2.873ms
[212.555s][info][gc] GC(19) Concurrent Mark
[212.587s][info][gc] GC(19) Concurrent Mark 32.126ms
[212.587s][info][gc] GC(19) Concurrent Preclean
[212.587s][info][gc] GC(19) Concurrent Preclean 0.227ms
[212.587s][info][gc] GC(19) Concurrent Abortable Preclean
[212.587s][info][gc] GC(19) Concurrent Abortable Preclean 0.014ms
[212.591s][info][gc] GC(19) Pause Remark 39M->39M(48M) 4.256ms
[212.591s][info][gc] GC(19) Concurrent Sweep
[212.607s][info][gc] GC(19) Concurrent Sweep 15.239ms
[212.607s][info][gc] GC(19) Concurrent Reset
[212.607s][info][gc] GC(19) Concurrent Reset 0.043ms
[214.611s][info][gc] GC(20) Pause Initial Mark 40M->40M(48M) 3.110ms
[214.615s][info][gc] GC(20) Concurrent Mark
[214.646s][info][gc] GC(20) Concurrent Mark 30.721ms
[214.646s][info][gc] GC(20) Concurrent Preclean
[214.646s][info][gc] GC(20) Concurrent Preclean 0.251ms
[214.646s][info][gc] GC(20) Concurrent Abortable Preclean
[214.646s][info][gc] GC(20) Concurrent Abortable Preclean 0.015ms
[214.649s][info][gc] GC(20) Pause Remark 40M->40M(48M) 3.130ms
[214.649s][info][gc] GC(20) Concurrent Sweep
[214.662s][info][gc] GC(20) Concurrent Sweep 12.603ms
[214.662s][info][gc] GC(20) Concurrent Reset
[214.662s][info][gc] GC(20) Concurrent Reset 0.050ms
[216.670s][info][gc] GC(21) Pause Initial Mark 41M->41M(48M) 3.757ms
[216.670s][info][gc] GC(21) Concurrent Mark
[216.695s][info][gc] GC(21) Concurrent Mark 24.438ms
[216.695s][info][gc] GC(21) Concurrent Preclean
[216.695s][info][gc] GC(21) Concurrent Preclean 0.149ms
[216.695s][info][gc] GC(21) Concurrent Abortable Preclean
[216.695s][info][gc] GC(21) Concurrent Abortable Preclean 0.014ms
[216.698s][info][gc] GC(21) Pause Remark 41M->41M(48M) 3.258ms
[216.698s][info][gc] GC(21) Concurrent Sweep
[216.711s][info][gc] GC(21) Concurrent Sweep 12.509ms
[216.711s][info][gc] GC(21) Concurrent Reset
[216.711s][info][gc] GC(21) Concurrent Reset 0.033ms
[218.717s][info][gc] GC(22) Pause Initial Mark 42M->42M(48M) 4.311ms
[218.717s][info][gc] GC(22) Concurrent Mark
[218.740s][info][gc] GC(22) Concurrent Mark 22.723ms
[218.740s][info][gc] GC(22) Concurrent Preclean
[218.740s][info][gc] GC(22) Concurrent Preclean 0.192ms
[218.740s][info][gc] GC(22) Concurrent Abortable Preclean
[218.740s][info][gc] GC(22) Concurrent Abortable Preclean 0.016ms
[218.745s][info][gc] GC(22) Pause Remark 42M->42M(48M) 4.558ms
[218.745s][info][gc] GC(22) Concurrent Sweep
[218.757s][info][gc] GC(22) Concurrent Sweep 12.560ms
[218.758s][info][gc] GC(22) Concurrent Reset
[218.758s][info][gc] GC(22) Concurrent Reset 0.031ms
[220.761s][info][gc] GC(23) Pause Initial Mark 44M->44M(48M) 3.904ms
[220.761s][info][gc] GC(23) Concurrent Mark
[220.786s][info][gc] GC(23) Concurrent Mark 25.426ms
[220.786s][info][gc] GC(23) Concurrent Preclean
[220.786s][info][gc] GC(23) Concurrent Preclean 0.158ms
[220.786s][info][gc] GC(23) Concurrent Abortable Preclean
[220.786s][info][gc] GC(23) Concurrent Abortable Preclean 0.013ms
[220.790s][info][gc] GC(23) Pause Remark 44M->44M(48M) 3.647ms
[220.790s][info][gc] GC(23) Concurrent Sweep
[220.802s][info][gc] GC(23) Concurrent Sweep 11.878ms
[220.802s][info][gc] GC(23) Concurrent Reset
[220.802s][info][gc] GC(23) Concurrent Reset 0.037ms
[222.812s][info][gc] GC(24) Pause Initial Mark 45M->45M(48M) 7.252ms
[222.812s][info][gc] GC(24) Concurrent Mark
[222.838s][info][gc] GC(24) Concurrent Mark 26.151ms
[222.838s][info][gc] GC(24) Concurrent Preclean
[222.838s][info][gc] GC(24) Concurrent Preclean 0.148ms
[222.838s][info][gc] GC(24) Concurrent Abortable Preclean
[222.838s][info][gc] GC(24) Concurrent Abortable Preclean 0.012ms
[222.843s][info][gc] GC(24) Pause Remark 45M->45M(48M) 4.946ms
[222.843s][info][gc] GC(24) Concurrent Sweep
[222.856s][info][gc] GC(24) Concurrent Sweep 12.238ms
[222.856s][info][gc] GC(24) Concurrent Reset
[222.856s][info][gc] GC(24) Concurrent Reset 0.037ms
[224.860s][info][gc] GC(25) Pause Initial Mark 46M->46M(48M) 4.414ms
[224.860s][info][gc] GC(25) Concurrent Mark
[224.884s][info][gc] GC(25) Concurrent Mark 24.007ms
[224.884s][info][gc] GC(25) Concurrent Preclean
[224.884s][info][gc] GC(25) Concurrent Preclean 0.149ms
[224.884s][info][gc] GC(25) Concurrent Abortable Preclean
[224.884s][info][gc] GC(25) Concurrent Abortable Preclean 0.012ms
[224.888s][info][gc] GC(25) Pause Remark 46M->46M(48M) 3.764ms
[224.888s][info][gc] GC(25) Concurrent Sweep
[224.900s][info][gc] GC(25) Concurrent Sweep 12.283ms
[224.900s][info][gc] GC(25) Concurrent Reset
[224.900s][info][gc] GC(25) Concurrent Reset 0.042ms
[226.136s][info][gc] GC(27) Pause Full (Allocation Failure) 47M->36M(48M) 81.588ms
[226.136s][info][gc] GC(26) Pause Young (Allocation Failure) 47M->36M(48M) 81.738ms
[226.137s][info][gc] GC(28) Pause Initial Mark 36M->36M(48M) 1.465ms
[226.137s][info][gc] GC(28) Concurrent Mark
[226.162s][info][gc] GC(28) Concurrent Mark 24.581ms
[226.162s][info][gc] GC(28) Concurrent Preclean
[226.185s][info][gc] GC(28) Concurrent Preclean 23.324ms
[226.185s][info][gc] GC(28) Concurrent Abortable Preclean
[226.185s][info][gc] GC(28) Concurrent Abortable Preclean 0.011ms
[226.189s][info][gc] GC(28) Pause Remark 36M->36M(48M) 3.648ms
[226.189s][info][gc] GC(28) Concurrent Sweep
[226.201s][info][gc] GC(28) Concurrent Sweep 12.193ms
[226.201s][info][gc] GC(28) Concurrent Reset
[226.201s][info][gc] GC(28) Concurrent Reset 0.027ms
[228.210s][info][gc] GC(29) Pause Initial Mark 37M->37M(48M) 4.460ms
[228.210s][info][gc] GC(29) Concurrent Mark
[228.242s][info][gc] GC(29) Concurrent Mark 31.926ms
[228.242s][info][gc] GC(29) Concurrent Preclean
[228.242s][info][gc] GC(29) Concurrent Preclean 0.145ms
[228.242s][info][gc] GC(29) Concurrent Abortable Preclean
[228.242s][info][gc] GC(29) Concurrent Abortable Preclean 0.012ms
[228.246s][info][gc] GC(29) Pause Remark 37M->37M(48M) 3.701ms
[228.246s][info][gc] GC(29) Concurrent Sweep
[228.259s][info][gc] GC(29) Concurrent Sweep 12.851ms
[228.259s][info][gc] GC(29) Concurrent Reset
[228.259s][info][gc] GC(29) Concurrent Reset 0.056ms
[230.264s][info][gc] GC(30) Pause Initial Mark 39M->39M(48M) 4.723ms
[230.264s][info][gc] GC(30) Concurrent Mark
[230.292s][info][gc] GC(30) Concurrent Mark 28.688ms
[230.292s][info][gc] GC(30) Concurrent Preclean
[230.293s][info][gc] GC(30) Concurrent Preclean 0.154ms
[230.293s][info][gc] GC(30) Concurrent Abortable Preclean
[230.293s][info][gc] GC(30) Concurrent Abortable Preclean 0.012ms
[230.297s][info][gc] GC(30) Pause Remark 39M->39M(48M) 4.254ms
[230.297s][info][gc] GC(30) Concurrent Sweep
[230.311s][info][gc] GC(30) Concurrent Sweep 13.684ms
[230.311s][info][gc] GC(30) Concurrent Reset
[230.311s][info][gc] GC(30) Concurrent Reset 0.038ms
[232.317s][info][gc] GC(31) Pause Initial Mark 40M->40M(48M) 4.583ms
[232.318s][info][gc] GC(31) Concurrent Mark
[232.344s][info][gc] GC(31) Concurrent Mark 26.374ms
[232.344s][info][gc] GC(31) Concurrent Preclean
[232.344s][info][gc] GC(31) Concurrent Preclean 0.165ms
[232.344s][info][gc] GC(31) Concurrent Abortable Preclean
[232.344s][info][gc] GC(31) Concurrent Abortable Preclean 0.013ms
[232.348s][info][gc] GC(31) Pause Remark 40M->40M(48M) 3.763ms
[232.348s][info][gc] GC(31) Concurrent Sweep
[232.361s][info][gc] GC(31) Concurrent Sweep 12.499ms
[232.361s][info][gc] GC(31) Concurrent Reset
[232.361s][info][gc] GC(31) Concurrent Reset 0.030ms
[234.366s][info][gc] GC(32) Pause Initial Mark 41M->41M(48M) 4.889ms
[234.366s][info][gc] GC(32) Concurrent Mark
[234.392s][info][gc] GC(32) Concurrent Mark 25.153ms
[234.392s][info][gc] GC(32) Concurrent Preclean
[234.392s][info][gc] GC(32) Concurrent Preclean 0.196ms
[234.392s][info][gc] GC(32) Concurrent Abortable Preclean
[234.392s][info][gc] GC(32) Concurrent Abortable Preclean 0.014ms
[234.396s][info][gc] GC(32) Pause Remark 41M->41M(48M) 4.013ms
[234.396s][info][gc] GC(32) Concurrent Sweep
[234.409s][info][gc] GC(32) Concurrent Sweep 12.724ms
[234.409s][info][gc] GC(32) Concurrent Reset
[234.409s][info][gc] GC(32) Concurrent Reset 0.046ms
[236.417s][info][gc] GC(33) Pause Initial Mark 42M->42M(48M) 4.929ms
[236.417s][info][gc] GC(33) Concurrent Mark
[236.443s][info][gc] GC(33) Concurrent Mark 26.188ms
[236.443s][info][gc] GC(33) Concurrent Preclean
[236.443s][info][gc] GC(33) Concurrent Preclean 0.155ms
[236.443s][info][gc] GC(33) Concurrent Abortable Preclean
[236.443s][info][gc] GC(33) Concurrent Abortable Preclean 0.013ms
[236.447s][info][gc] GC(33) Pause Remark 42M->42M(48M) 3.935ms
[236.447s][info][gc] GC(33) Concurrent Sweep
[236.460s][info][gc] GC(33) Concurrent Sweep 12.367ms
[236.460s][info][gc] GC(33) Concurrent Reset
[236.460s][info][gc] GC(33) Concurrent Reset 0.031ms
[238.463s][info][gc] GC(34) Pause Initial Mark 44M->44M(48M) 4.036ms
[238.463s][info][gc] GC(34) Concurrent Mark
[238.492s][info][gc] GC(34) Concurrent Mark 28.123ms
[238.492s][info][gc] GC(34) Concurrent Preclean
[238.492s][info][gc] GC(34) Concurrent Preclean 0.145ms
[238.492s][info][gc] GC(34) Concurrent Abortable Preclean
[238.492s][info][gc] GC(34) Concurrent Abortable Preclean 0.012ms
[238.496s][info][gc] GC(34) Pause Remark 44M->44M(48M) 4.193ms
[238.496s][info][gc] GC(34) Concurrent Sweep
[238.513s][info][gc] GC(34) Concurrent Sweep 16.703ms
[238.513s][info][gc] GC(34) Concurrent Reset
[238.513s][info][gc] GC(34) Concurrent Reset 0.094ms
[240.522s][info][gc] GC(35) Pause Initial Mark 45M->45M(48M) 5.795ms
[240.522s][info][gc] GC(35) Concurrent Mark
[240.547s][info][gc] GC(35) Concurrent Mark 25.223ms
[240.547s][info][gc] GC(35) Concurrent Preclean
[240.547s][info][gc] GC(35) Concurrent Preclean 0.149ms
[240.547s][info][gc] GC(35) Concurrent Abortable Preclean
[240.547s][info][gc] GC(35) Concurrent Abortable Preclean 0.012ms
[240.552s][info][gc] GC(35) Pause Remark 45M->45M(48M) 4.339ms
[240.552s][info][gc] GC(35) Concurrent Sweep
[240.564s][info][gc] GC(35) Concurrent Sweep 12.583ms
[240.564s][info][gc] GC(35) Concurrent Reset
[240.564s][info][gc] GC(35) Concurrent Reset 0.031ms
[242.569s][info][gc] GC(36) Pause Initial Mark 46M->46M(48M) 5.113ms
[242.570s][info][gc] GC(36) Concurrent Mark
[242.596s][info][gc] GC(36) Concurrent Mark 26.010ms
[242.596s][info][gc] GC(36) Concurrent Preclean
[242.596s][info][gc] GC(36) Concurrent Preclean 0.148ms
[242.596s][info][gc] GC(36) Concurrent Abortable Preclean
[242.596s][info][gc] GC(36) Concurrent Abortable Preclean 0.026ms
[242.601s][info][gc] GC(36) Pause Remark 46M->46M(48M) 4.759ms
[242.601s][info][gc] GC(36) Concurrent Sweep
[242.613s][info][gc] GC(36) Concurrent Sweep 12.746ms
[242.614s][info][gc] GC(36) Concurrent Reset
[242.614s][info][gc] GC(36) Concurrent Reset 0.031ms
[244.620s][info][gc] GC(37) Pause Initial Mark 47M->47M(48M) 5.376ms
[244.620s][info][gc] GC(37) Concurrent Mark
[244.646s][info][gc] GC(37) Concurrent Mark 26.548ms
[244.646s][info][gc] GC(37) Concurrent Preclean
[244.647s][info][gc] GC(37) Concurrent Preclean 0.147ms
[244.647s][info][gc] GC(37) Concurrent Abortable Preclean
[244.647s][info][gc] GC(37) Concurrent Abortable Preclean 0.014ms
[244.651s][info][gc] GC(37) Pause Remark 47M->47M(48M) 4.597ms
[244.651s][info][gc] GC(37) Concurrent Sweep
[244.664s][info][gc] GC(37) Concurrent Sweep 12.836ms
[244.664s][info][gc] GC(37) Concurrent Reset
[244.664s][info][gc] GC(37) Concurrent Reset 0.032ms
[245.603s][info][gc] GC(39) Pause Full (Allocation Failure) 48M->39M(48M) 79.478ms
[245.604s][info][gc] GC(38) Pause Young (Allocation Failure) 48M->39M(48M) 79.583ms
[245.606s][info][gc] GC(40) Pause Initial Mark 39M->39M(48M) 2.681ms
[245.606s][info][gc] GC(40) Concurrent Mark
[245.629s][info][gc] GC(40) Concurrent Mark 22.800ms
[245.629s][info][gc] GC(40) Concurrent Preclean
[245.654s][info][gc] GC(40) Concurrent Preclean 24.734ms
[245.654s][info][gc] GC(40) Concurrent Abortable Preclean
[245.654s][info][gc] GC(40) Concurrent Abortable Preclean 0.013ms
[245.660s][info][gc] GC(40) Pause Remark 39M->39M(48M) 6.055ms
[245.660s][info][gc] GC(40) Concurrent Sweep
[245.674s][info][gc] GC(40) Concurrent Sweep 13.542ms
[245.674s][info][gc] GC(40) Concurrent Reset
[245.674s][info][gc] GC(40) Concurrent Reset 0.033ms
[247.680s][info][gc] GC(41) Pause Initial Mark 40M->40M(48M) 6.513ms
[247.680s][info][gc] GC(41) Concurrent Mark
[247.705s][info][gc] GC(41) Concurrent Mark 24.817ms
[247.705s][info][gc] GC(41) Concurrent Preclean
[247.705s][info][gc] GC(41) Concurrent Preclean 0.207ms
[247.705s][info][gc] GC(41) Concurrent Abortable Preclean
[247.705s][info][gc] GC(41) Concurrent Abortable Preclean 0.022ms
[247.712s][info][gc] GC(41) Pause Remark 41M->41M(48M) 6.214ms
[247.712s][info][gc] GC(41) Concurrent Sweep
[247.724s][info][gc] GC(41) Concurrent Sweep 12.807ms
[247.725s][info][gc] GC(41) Concurrent Reset
[247.725s][info][gc] GC(41) Concurrent Reset 0.031ms
[249.736s][info][gc] GC(42) Pause Initial Mark 42M->42M(48M) 6.548ms
[249.736s][info][gc] GC(42) Concurrent Mark
[249.763s][info][gc] GC(42) Concurrent Mark 27.269ms
[249.763s][info][gc] GC(42) Concurrent Preclean
[249.763s][info][gc] GC(42) Concurrent Preclean 0.146ms
[249.763s][info][gc] GC(42) Concurrent Abortable Preclean
[249.763s][info][gc] GC(42) Concurrent Abortable Preclean 0.014ms
[249.769s][info][gc] GC(42) Pause Remark 42M->42M(48M) 5.207ms
[249.769s][info][gc] GC(42) Concurrent Sweep
[249.782s][info][gc] GC(42) Concurrent Sweep 13.246ms
[249.782s][info][gc] GC(42) Concurrent Reset
[249.782s][info][gc] GC(42) Concurrent Reset 0.055ms
[251.791s][info][gc] GC(43) Pause Initial Mark 43M->43M(48M) 8.409ms
[251.791s][info][gc] GC(43) Concurrent Mark
[251.817s][info][gc] GC(43) Concurrent Mark 26.146ms
[251.817s][info][gc] GC(43) Concurrent Preclean
[251.817s][info][gc] GC(43) Concurrent Preclean 0.253ms
[251.817s][info][gc] GC(43) Concurrent Abortable Preclean
[251.817s][info][gc] GC(43) Concurrent Abortable Preclean 0.023ms
[251.823s][info][gc] GC(43) Pause Remark 43M->43M(48M) 6.120ms
[251.824s][info][gc] GC(43) Concurrent Sweep
[251.837s][info][gc] GC(43) Concurrent Sweep 12.880ms
[251.837s][info][gc] GC(43) Concurrent Reset
[251.837s][info][gc] GC(43) Concurrent Reset 0.032ms
[253.846s][info][gc] GC(44) Pause Initial Mark 44M->44M(48M) 6.946ms
[253.846s][info][gc] GC(44) Concurrent Mark
[253.872s][info][gc] GC(44) Concurrent Mark 26.373ms
[253.872s][info][gc] GC(44) Concurrent Preclean
[253.872s][info][gc] GC(44) Concurrent Preclean 0.154ms
[253.872s][info][gc] GC(44) Concurrent Abortable Preclean
[253.872s][info][gc] GC(44) Concurrent Abortable Preclean 0.012ms
[253.878s][info][gc] GC(44) Pause Remark 44M->44M(48M) 5.489ms
[253.878s][info][gc] GC(44) Concurrent Sweep
[253.891s][info][gc] GC(44) Concurrent Sweep 13.300ms
[253.891s][info][gc] GC(44) Concurrent Reset
[253.891s][info][gc] GC(44) Concurrent Reset 0.030ms
[255.898s][info][gc] GC(45) Pause Initial Mark 46M->46M(48M) 7.137ms
[255.898s][info][gc] GC(45) Concurrent Mark
[255.923s][info][gc] GC(45) Concurrent Mark 25.376ms
[255.923s][info][gc] GC(45) Concurrent Preclean
[255.924s][info][gc] GC(45) Concurrent Preclean 0.146ms
[255.924s][info][gc] GC(45) Concurrent Abortable Preclean
[255.924s][info][gc] GC(45) Concurrent Abortable Preclean 0.013ms
[255.930s][info][gc] GC(45) Pause Remark 46M->46M(48M) 6.085ms
[255.930s][info][gc] GC(45) Concurrent Sweep
[255.944s][info][gc] GC(45) Concurrent Sweep 14.092ms
[255.944s][info][gc] GC(45) Concurrent Reset
[255.944s][info][gc] GC(45) Concurrent Reset 0.039ms
[257.951s][info][gc] GC(46) Pause Initial Mark 47M->47M(48M) 7.217ms
[257.952s][info][gc] GC(46) Concurrent Mark
[257.976s][info][gc] GC(46) Concurrent Mark 24.412ms
[257.976s][info][gc] GC(46) Concurrent Preclean
[257.976s][info][gc] GC(46) Concurrent Preclean 0.144ms
[257.976s][info][gc] GC(46) Concurrent Abortable Preclean
[257.976s][info][gc] GC(46) Concurrent Abortable Preclean 0.012ms
[257.982s][info][gc] GC(46) Pause Remark 47M->47M(48M) 5.630ms
[257.982s][info][gc] GC(46) Concurrent Sweep
[257.995s][info][gc] GC(46) Concurrent Sweep 12.938ms
[257.995s][info][gc] GC(46) Concurrent Reset
[257.995s][info][gc] GC(46) Concurrent Reset 0.029ms
[259.872s][info][gc] GC(48) Pause Full (Allocation Failure) 48M->41M(48M) 79.737ms
[259.872s][info][gc] GC(47) Pause Young (Allocation Failure) 48M->41M(48M) 79.851ms
[259.878s][info][gc] GC(49) Pause Initial Mark 42M->42M(48M) 6.098ms
[259.878s][info][gc] GC(49) Concurrent Mark
[259.903s][info][gc] GC(49) Concurrent Mark 24.106ms
[259.903s][info][gc] GC(49) Concurrent Preclean
[259.928s][info][gc] GC(49) Concurrent Preclean 25.585ms
[259.928s][info][gc] GC(49) Concurrent Abortable Preclean
[259.928s][info][gc] GC(49) Concurrent Abortable Preclean 0.010ms
[259.935s][info][gc] GC(49) Pause Remark 42M->42M(48M) 6.793ms
[259.935s][info][gc] GC(49) Concurrent Sweep
[259.949s][info][gc] GC(49) Concurrent Sweep 13.669ms
[259.949s][info][gc] GC(49) Concurrent Reset
[259.949s][info][gc] GC(49) Concurrent Reset 0.042ms
[261.959s][info][gc] GC(50) Pause Initial Mark 43M->43M(48M) 7.966ms
[261.959s][info][gc] GC(50) Concurrent Mark
[261.984s][info][gc] GC(50) Concurrent Mark 25.361ms
[261.984s][info][gc] GC(50) Concurrent Preclean
[261.985s][info][gc] GC(50) Concurrent Preclean 0.152ms
[261.985s][info][gc] GC(50) Concurrent Abortable Preclean
[261.985s][info][gc] GC(50) Concurrent Abortable Preclean 0.012ms
[261.992s][info][gc] GC(50) Pause Remark 43M->43M(48M) 7.516ms
[261.992s][info][gc] GC(50) Concurrent Sweep
[262.005s][info][gc] GC(50) Concurrent Sweep 12.563ms
[262.005s][info][gc] GC(50) Concurrent Reset
[262.005s][info][gc] GC(50) Concurrent Reset 0.051ms
[264.013s][info][gc] GC(51) Pause Initial Mark 44M->44M(48M) 7.909ms
[264.013s][info][gc] GC(51) Concurrent Mark
[264.039s][info][gc] GC(51) Concurrent Mark 25.809ms
[264.039s][info][gc] GC(51) Concurrent Preclean
[264.039s][info][gc] GC(51) Concurrent Preclean 0.150ms
[264.039s][info][gc] GC(51) Concurrent Abortable Preclean
[264.039s][info][gc] GC(51) Concurrent Abortable Preclean 0.012ms
[264.046s][info][gc] GC(51) Pause Remark 44M->44M(48M) 6.359ms
[264.046s][info][gc] GC(51) Concurrent Sweep
[264.059s][info][gc] GC(51) Concurrent Sweep 13.088ms
[264.059s][info][gc] GC(51) Concurrent Reset
[264.059s][info][gc] GC(51) Concurrent Reset 0.061ms
[266.067s][info][gc] GC(52) Pause Initial Mark 45M->45M(48M) 8.476ms
[266.067s][info][gc] GC(52) Concurrent Mark
[266.091s][info][gc] GC(52) Concurrent Mark 24.337ms
[266.091s][info][gc] GC(52) Concurrent Preclean
[266.091s][info][gc] GC(52) Concurrent Preclean 0.145ms
[266.091s][info][gc] GC(52) Concurrent Abortable Preclean
[266.091s][info][gc] GC(52) Concurrent Abortable Preclean 0.012ms
[266.099s][info][gc] GC(52) Pause Remark 45M->45M(48M) 7.255ms
[266.099s][info][gc] GC(52) Concurrent Sweep
[266.112s][info][gc] GC(52) Concurrent Sweep 13.027ms
[266.112s][info][gc] GC(52) Concurrent Reset
[266.112s][info][gc] GC(52) Concurrent Reset 0.030ms
[268.123s][info][gc] GC(53) Pause Initial Mark 47M->47M(48M) 10.627ms
[268.124s][info][gc] GC(53) Concurrent Mark
[268.153s][info][gc] GC(53) Concurrent Mark 29.824ms
[268.153s][info][gc] GC(53) Concurrent Preclean
[268.154s][info][gc] GC(53) Concurrent Preclean 0.148ms
[268.154s][info][gc] GC(53) Concurrent Abortable Preclean
[268.154s][info][gc] GC(53) Concurrent Abortable Preclean 0.012ms
[268.161s][info][gc] GC(53) Pause Remark 47M->47M(48M) 6.873ms
[268.161s][info][gc] GC(53) Concurrent Sweep
[268.174s][info][gc] GC(53) Concurrent Sweep 13.383ms
[268.174s][info][gc] GC(53) Concurrent Reset
[268.174s][info][gc] GC(53) Concurrent Reset 0.031ms
[270.178s][info][gc] GC(54) Pause Initial Mark 48M->48M(48M) 4.705ms
[270.179s][info][gc] GC(54) Concurrent Mark
[270.203s][info][gc] GC(54) Concurrent Mark 24.222ms
[270.203s][info][gc] GC(54) Concurrent Preclean
[270.203s][info][gc] GC(54) Concurrent Preclean 0.152ms
[270.203s][info][gc] GC(54) Concurrent Abortable Preclean
[270.203s][info][gc] GC(54) Concurrent Abortable Preclean 0.012ms
[270.210s][info][gc] GC(54) Pause Remark 48M->48M(48M) 6.609ms
[270.210s][info][gc] GC(54) Concurrent Sweep
[270.225s][info][gc] GC(54) Concurrent Sweep 15.473ms
[270.225s][info][gc] GC(54) Concurrent Reset
[270.225s][info][gc] GC(54) Concurrent Reset 0.053ms
[270.373s][info][gc] GC(56) Pause Full (Allocation Failure) 48M->43M(48M) 76.551ms
[270.373s][info][gc] GC(55) Pause Young (Allocation Failure) 48M->43M(48M) 76.683ms
[270.378s][info][gc] GC(57) Pause Initial Mark 43M->43M(48M) 4.727ms
[270.378s][info][gc] GC(57) Concurrent Mark
[270.402s][info][gc] GC(57) Concurrent Mark 23.772ms
[270.402s][info][gc] GC(57) Concurrent Preclean
[270.424s][info][gc] GC(57) Concurrent Preclean 22.560ms
[270.424s][info][gc] GC(57) Concurrent Abortable Preclean
[270.424s][info][gc] GC(57) Concurrent Abortable Preclean 0.011ms
[270.433s][info][gc] GC(57) Pause Remark 43M->43M(48M) 8.377ms
[270.433s][info][gc] GC(57) Concurrent Sweep
[270.446s][info][gc] GC(57) Concurrent Sweep 13.186ms
[270.446s][info][gc] GC(57) Concurrent Reset
[270.446s][info][gc] GC(57) Concurrent Reset 0.045ms
[272.462s][info][gc] GC(58) Pause Initial Mark 45M->45M(48M) 14.186ms
[272.463s][info][gc] GC(58) Concurrent Mark
[272.491s][info][gc] GC(58) Concurrent Mark 28.191ms
[272.491s][info][gc] GC(58) Concurrent Preclean
[272.491s][info][gc] GC(58) Concurrent Preclean 0.144ms
[272.491s][info][gc] GC(58) Concurrent Abortable Preclean
[272.491s][info][gc] GC(58) Concurrent Abortable Preclean 0.012ms
[272.499s][info][gc] GC(58) Pause Remark 45M->45M(48M) 7.517ms
[272.499s][info][gc] GC(58) Concurrent Sweep
[272.512s][info][gc] GC(58) Concurrent Sweep 13.026ms
[272.512s][info][gc] GC(58) Concurrent Reset
[272.512s][info][gc] GC(58) Concurrent Reset 0.028ms
[274.524s][info][gc] GC(59) Pause Initial Mark 46M->46M(48M) 10.188ms
[274.528s][info][gc] GC(59) Concurrent Mark
[274.553s][info][gc] GC(59) Concurrent Mark 25.722ms
[274.553s][info][gc] GC(59) Concurrent Preclean
[274.554s][info][gc] GC(59) Concurrent Preclean 0.147ms
[274.554s][info][gc] GC(59) Concurrent Abortable Preclean
[274.554s][info][gc] GC(59) Concurrent Abortable Preclean 0.014ms
[274.562s][info][gc] GC(59) Pause Remark 46M->46M(48M) 8.136ms
[274.562s][info][gc] GC(59) Concurrent Sweep
[274.575s][info][gc] GC(59) Concurrent Sweep 12.695ms
[274.575s][info][gc] GC(59) Concurrent Reset
[274.575s][info][gc] GC(59) Concurrent Reset 0.086ms
[276.588s][info][gc] GC(60) Pause Initial Mark 47M->47M(48M) 11.495ms
[276.588s][info][gc] GC(60) Concurrent Mark
[276.612s][info][gc] GC(60) Concurrent Mark 24.360ms
[276.613s][info][gc] GC(60) Concurrent Preclean
[276.613s][info][gc] GC(60) Concurrent Preclean 0.198ms
[276.613s][info][gc] GC(60) Concurrent Abortable Preclean
[276.613s][info][gc] GC(60) Concurrent Abortable Preclean 0.014ms
[276.621s][info][gc] GC(60) Pause Remark 47M->47M(48M) 7.905ms
[276.621s][info][gc] GC(60) Concurrent Sweep
[276.634s][info][gc] GC(60) Concurrent Sweep 12.948ms
[276.634s][info][gc] GC(60) Concurrent Reset
[276.634s][info][gc] GC(60) Concurrent Reset 0.029ms
[278.136s][info][gc] GC(62) Pause Full (Allocation Failure) 48M->44M(48M) 78.519ms
[278.136s][info][gc] GC(61) Pause Young (Allocation Failure) 48M->44M(48M) 78.732ms
[278.142s][info][gc] GC(63) Pause Initial Mark 45M->45M(48M) 5.750ms
[278.143s][info][gc] GC(63) Concurrent Mark
[278.167s][info][gc] GC(63) Concurrent Mark 24.695ms
[278.167s][info][gc] GC(63) Concurrent Preclean
[278.192s][info][gc] GC(63) Concurrent Preclean 24.867ms
[278.192s][info][gc] GC(63) Concurrent Abortable Preclean
[278.192s][info][gc] GC(63) Concurrent Abortable Preclean 0.010ms
[278.200s][info][gc] GC(63) Pause Remark 45M->45M(48M) 7.862ms
[278.200s][info][gc] GC(63) Concurrent Sweep
[278.215s][info][gc] GC(63) Concurrent Sweep 14.655ms
[278.215s][info][gc] GC(63) Concurrent Reset
[278.215s][info][gc] GC(63) Concurrent Reset 0.047ms
[280.227s][info][gc] GC(64) Pause Initial Mark 46M->46M(48M) 10.805ms
[280.227s][info][gc] GC(64) Concurrent Mark
[280.251s][info][gc] GC(64) Concurrent Mark 23.861ms
[280.251s][info][gc] GC(64) Concurrent Preclean
[280.251s][info][gc] GC(64) Concurrent Preclean 0.145ms
[280.251s][info][gc] GC(64) Concurrent Abortable Preclean
[280.251s][info][gc] GC(64) Concurrent Abortable Preclean 0.012ms
[280.260s][info][gc] GC(64) Pause Remark 46M->46M(48M) 8.974ms
[280.261s][info][gc] GC(64) Concurrent Sweep
[280.273s][info][gc] GC(64) Concurrent Sweep 12.894ms
[280.273s][info][gc] GC(64) Concurrent Reset
[280.274s][info][gc] GC(64) Concurrent Reset 0.051ms
[282.285s][info][gc] GC(65) Pause Initial Mark 47M->47M(48M) 11.245ms
[282.285s][info][gc] GC(65) Concurrent Mark
[282.311s][info][gc] GC(65) Concurrent Mark 26.032ms
[282.311s][info][gc] GC(65) Concurrent Preclean
[282.311s][info][gc] GC(65) Concurrent Preclean 0.147ms
[282.311s][info][gc] GC(65) Concurrent Abortable Preclean
[282.311s][info][gc] GC(65) Concurrent Abortable Preclean 0.012ms
[282.320s][info][gc] GC(65) Pause Remark 47M->47M(48M) 8.208ms
[282.320s][info][gc] GC(65) Concurrent Sweep
[282.332s][info][gc] GC(65) Concurrent Sweep 12.530ms
[282.332s][info][gc] GC(65) Concurrent Reset
[282.332s][info][gc] GC(65) Concurrent Reset 0.027ms
[283.810s][info][gc] GC(67) Pause Full (Allocation Failure) 48M->45M(48M) 74.082ms
[283.810s][info][gc] GC(66) Pause Young (Allocation Failure) 48M->45M(48M) 74.195ms
[283.816s][info][gc] GC(68) Pause Initial Mark 45M->45M(48M) 5.363ms
[283.816s][info][gc] GC(68) Concurrent Mark
[283.840s][info][gc] GC(68) Concurrent Mark 23.811ms
[283.840s][info][gc] GC(68) Concurrent Preclean
[283.862s][info][gc] GC(68) Concurrent Preclean 22.319ms
[283.862s][info][gc] GC(68) Concurrent Abortable Preclean
[283.862s][info][gc] GC(68) Concurrent Abortable Preclean 0.011ms
[283.872s][info][gc] GC(68) Pause Remark 45M->45M(48M) 9.258ms
[283.872s][info][gc] GC(68) Concurrent Sweep
[283.884s][info][gc] GC(68) Concurrent Sweep 12.144ms
[283.884s][info][gc] GC(68) Concurrent Reset
[283.884s][info][gc] GC(68) Concurrent Reset 0.034ms
[285.903s][info][gc] GC(69) Pause Initial Mark 47M->47M(48M) 14.176ms
[285.903s][info][gc] GC(69) Concurrent Mark
[285.933s][info][gc] GC(69) Concurrent Mark 30.120ms
[285.933s][info][gc] GC(69) Concurrent Preclean
[285.933s][info][gc] GC(69) Concurrent Preclean 0.146ms
[285.933s][info][gc] GC(69) Concurrent Abortable Preclean
[285.933s][info][gc] GC(69) Concurrent Abortable Preclean 0.013ms
[285.943s][info][gc] GC(69) Pause Remark 47M->47M(48M) 10.365ms
[285.944s][info][gc] GC(69) Concurrent Sweep
[285.957s][info][gc] GC(69) Concurrent Sweep 12.887ms
[285.957s][info][gc] GC(69) Concurrent Reset
[285.957s][info][gc] GC(69) Concurrent Reset 0.031ms
[288.031s][info][gc] GC(71) Pause Full (Allocation Failure) 48M->46M(48M) 75.597ms
[288.031s][info][gc] GC(70) Pause Young (Allocation Failure) 48M->46M(48M) 75.749ms
[288.037s][info][gc] GC(72) Pause Initial Mark 46M->46M(48M) 6.057ms
[288.037s][info][gc] GC(72) Concurrent Mark
[288.063s][info][gc] GC(72) Concurrent Mark 25.140ms
[288.063s][info][gc] GC(72) Concurrent Preclean
[288.086s][info][gc] GC(72) Concurrent Preclean 23.298ms
[288.086s][info][gc] GC(72) Concurrent Abortable Preclean
[288.086s][info][gc] GC(72) Concurrent Abortable Preclean 0.010ms
[288.095s][info][gc] GC(72) Pause Remark 46M->46M(48M) 8.434ms
[288.095s][info][gc] GC(72) Concurrent Sweep
[288.107s][info][gc] GC(72) Concurrent Sweep 12.451ms
[288.107s][info][gc] GC(72) Concurrent Reset
[288.107s][info][gc] GC(72) Concurrent Reset 0.048ms
[290.117s][info][gc] GC(73) Pause Initial Mark 47M->47M(48M) 10.583ms
[290.117s][info][gc] GC(73) Concurrent Mark
[290.142s][info][gc] GC(73) Concurrent Mark 24.516ms
[290.142s][info][gc] GC(73) Concurrent Preclean
[290.142s][info][gc] GC(73) Concurrent Preclean 0.184ms
[290.142s][info][gc] GC(73) Concurrent Abortable Preclean
[290.142s][info][gc] GC(73) Concurrent Abortable Preclean 0.024ms
[290.152s][info][gc] GC(73) Pause Remark 47M->47M(48M) 9.455ms
[290.152s][info][gc] GC(73) Concurrent Sweep
[290.164s][info][gc] GC(73) Concurrent Sweep 12.534ms
[290.164s][info][gc] GC(73) Concurrent Reset
[290.164s][info][gc] GC(73) Concurrent Reset 0.028ms
[291.057s][info][gc] GC(75) Pause Full (Allocation Failure) 48M->46M(48M) 79.367ms
[291.058s][info][gc] GC(74) Pause Young (Allocation Failure) 48M->46M(48M) 79.453ms
[291.064s][info][gc] GC(76) Pause Initial Mark 46M->46M(48M) 6.429ms
[291.064s][info][gc] GC(76) Concurrent Mark
[291.091s][info][gc] GC(76) Concurrent Mark 27.069ms
[291.091s][info][gc] GC(76) Concurrent Preclean
[291.115s][info][gc] GC(76) Concurrent Preclean 23.456ms
[291.115s][info][gc] GC(76) Concurrent Abortable Preclean
[291.115s][info][gc] GC(76) Concurrent Abortable Preclean 0.012ms
[291.124s][info][gc] GC(76) Pause Remark 47M->47M(48M) 9.043ms
[291.124s][info][gc] GC(76) Concurrent Sweep
[291.137s][info][gc] GC(76) Concurrent Sweep 12.850ms
[291.137s][info][gc] GC(76) Concurrent Reset
[291.137s][info][gc] GC(76) Concurrent Reset 0.033ms
[293.155s][info][gc] GC(77) Pause Initial Mark 48M->48M(48M) 16.614ms
[293.155s][info][gc] GC(77) Concurrent Mark
[293.180s][info][gc] GC(77) Concurrent Mark 24.864ms
[293.180s][info][gc] GC(77) Concurrent Preclean
[293.180s][info][gc] GC(77) Concurrent Preclean 0.166ms
[293.180s][info][gc] GC(77) Concurrent Abortable Preclean
[293.180s][info][gc] GC(77) Concurrent Abortable Preclean 0.016ms
[293.190s][info][gc] GC(77) Pause Remark 48M->48M(48M) 9.987ms
[293.190s][info][gc] GC(77) Concurrent Sweep
[293.204s][info][gc] GC(77) Concurrent Sweep 13.438ms
[293.204s][info][gc] GC(77) Concurrent Reset
[293.204s][info][gc] GC(77) Concurrent Reset 0.031ms
[293.310s][info][gc] GC(79) Pause Full (Allocation Failure) 48M->47M(48M) 72.651ms
[293.310s][info][gc] GC(78) Pause Young (Allocation Failure) 48M->47M(48M) 72.803ms
[293.316s][info][gc] GC(80) Pause Initial Mark 47M->47M(48M) 5.501ms
[293.316s][info][gc] GC(80) Concurrent Mark
[293.339s][info][gc] GC(80) Concurrent Mark 23.107ms
[293.339s][info][gc] GC(80) Concurrent Preclean
[293.362s][info][gc] GC(80) Concurrent Preclean 23.309ms
[293.362s][info][gc] GC(80) Concurrent Abortable Preclean
[293.362s][info][gc] GC(80) Concurrent Abortable Preclean 0.011ms
[293.372s][info][gc] GC(80) Pause Remark 47M->47M(48M) 9.389ms
[293.372s][info][gc] GC(80) Concurrent Sweep
[293.384s][info][gc] GC(80) Concurrent Sweep 12.002ms
[293.384s][info][gc] GC(80) Concurrent Reset
[293.384s][info][gc] GC(80) Concurrent Reset 0.029ms
[294.915s][info][gc] GC(82) Pause Full (Allocation Failure) 48M->47M(48M) 76.025ms
[294.915s][info][gc] GC(81) Pause Young (Allocation Failure) 48M->47M(48M) 76.162ms
[294.921s][info][gc] GC(83) Pause Initial Mark 47M->47M(48M) 5.793ms
[294.921s][info][gc] GC(83) Concurrent Mark
[294.946s][info][gc] GC(83) Concurrent Mark 24.720ms
[294.946s][info][gc] GC(83) Concurrent Preclean
[294.971s][info][gc] GC(83) Concurrent Preclean 25.152ms
[294.971s][info][gc] GC(83) Concurrent Abortable Preclean
[294.971s][info][gc] GC(83) Concurrent Abortable Preclean 0.034ms
[294.983s][info][gc] GC(83) Pause Remark 47M->47M(48M) 11.320ms
[294.983s][info][gc] GC(83) Concurrent Sweep
[294.996s][info][gc] GC(83) Concurrent Sweep 13.134ms
[294.996s][info][gc] GC(83) Concurrent Reset
[294.996s][info][gc] GC(83) Concurrent Reset 0.030ms
[296.082s][info][gc] GC(85) Pause Full (Allocation Failure) 48M->47M(48M) 76.904ms
[296.082s][info][gc] GC(84) Pause Young (Allocation Failure) 48M->47M(48M) 77.009ms
[296.088s][info][gc] GC(86) Pause Initial Mark 47M->47M(48M) 5.301ms
[296.088s][info][gc] GC(86) Concurrent Mark
[296.113s][info][gc] GC(86) Concurrent Mark 25.532ms
[296.113s][info][gc] GC(86) Concurrent Preclean
[296.140s][info][gc] GC(86) Concurrent Preclean 26.915ms
[296.140s][info][gc] GC(86) Concurrent Abortable Preclean
[296.140s][info][gc] GC(86) Concurrent Abortable Preclean 0.012ms
[296.150s][info][gc] GC(86) Pause Remark 47M->47M(48M) 9.599ms
[296.150s][info][gc] GC(86) Concurrent Sweep
[296.163s][info][gc] GC(86) Concurrent Sweep 12.586ms
[296.163s][info][gc] GC(86) Concurrent Reset
[296.163s][info][gc] GC(86) Concurrent Reset 0.029ms
[296.942s][info][gc] GC(88) Pause Full (Allocation Failure) 48M->48M(48M) 89.690ms
[296.942s][info][gc] GC(87) Pause Young (Allocation Failure) 48M->48M(48M) 89.861ms
[296.950s][info][gc] GC(89) Pause Initial Mark 48M->48M(48M) 7.452ms
[296.950s][info][gc] GC(89) Concurrent Mark
[296.977s][info][gc] GC(89) Concurrent Mark 26.717ms
[296.977s][info][gc] GC(89) Concurrent Preclean
[297.001s][info][gc] GC(89) Concurrent Preclean 24.094ms
[297.001s][info][gc] GC(89) Concurrent Abortable Preclean
[297.001s][info][gc] GC(89) Concurrent Abortable Preclean 0.010ms
[297.010s][info][gc] GC(89) Pause Remark 48M->48M(48M) 8.709ms
[297.010s][info][gc] GC(89) Concurrent Sweep
[297.022s][info][gc] GC(89) Concurrent Sweep 12.740ms
[297.023s][info][gc] GC(89) Concurrent Reset
[297.023s][info][gc] GC(89) Concurrent Reset 0.153ms
[297.474s][info][gc] GC(91) Pause Full (Allocation Failure) 48M->48M(48M) 79.243ms
[297.474s][info][gc] GC(90) Pause Young (Allocation Failure) 48M->48M(48M) 79.347ms
[297.480s][info][gc] GC(92) Pause Initial Mark 48M->48M(48M) 5.471ms
[297.480s][info][gc] GC(92) Concurrent Mark
[297.502s][info][gc] GC(92) Concurrent Mark 22.180ms
[297.502s][info][gc] GC(92) Concurrent Preclean
[297.525s][info][gc] GC(92) Concurrent Preclean 23.438ms
[297.525s][info][gc] GC(92) Concurrent Abortable Preclean
[297.525s][info][gc] GC(92) Concurrent Abortable Preclean 0.011ms
[297.535s][info][gc] GC(92) Pause Remark 48M->48M(48M) 9.325ms
[297.535s][info][gc] GC(92) Concurrent Sweep
[297.548s][info][gc] GC(92) Concurrent Sweep 12.791ms
[297.548s][info][gc] GC(92) Concurrent Reset
[297.548s][info][gc] GC(92) Concurrent Reset 0.052ms
[297.868s][info][gc] GC(94) Pause Full (Allocation Failure) 48M->48M(48M) 76.502ms
[297.868s][info][gc] GC(93) Pause Young (Allocation Failure) 48M->48M(48M) 76.613ms
[297.875s][info][gc] GC(95) Pause Initial Mark 48M->48M(48M) 6.439ms
[297.875s][info][gc] GC(95) Concurrent Mark
[297.898s][info][gc] GC(95) Concurrent Mark 22.460ms
[297.898s][info][gc] GC(95) Concurrent Preclean
[297.920s][info][gc] GC(95) Concurrent Preclean 22.747ms
[297.920s][info][gc] GC(95) Concurrent Abortable Preclean
[297.920s][info][gc] GC(95) Concurrent Abortable Preclean 0.010ms
[297.929s][info][gc] GC(95) Pause Remark 48M->48M(48M) 8.852ms
[297.929s][info][gc] GC(95) Concurrent Sweep
[297.942s][info][gc] GC(95) Concurrent Sweep 12.461ms
[297.942s][info][gc] GC(95) Concurrent Reset
[297.942s][info][gc] GC(95) Concurrent Reset 0.113ms
[298.073s][info][gc] GC(97) Pause Full (Allocation Failure) 48M->48M(48M) 74.806ms
[298.073s][info][gc] GC(96) Pause Young (Allocation Failure) 48M->48M(48M) 74.912ms
[298.079s][info][gc] GC(98) Pause Initial Mark 48M->48M(48M) 5.476ms
[298.079s][info][gc] GC(98) Concurrent Mark
[298.102s][info][gc] GC(98) Concurrent Mark 22.592ms
[298.102s][info][gc] GC(98) Concurrent Preclean
[298.127s][info][gc] GC(98) Concurrent Preclean 25.113ms
[298.127s][info][gc] GC(98) Concurrent Abortable Preclean
[298.127s][info][gc] GC(98) Concurrent Abortable Preclean 0.011ms
[298.137s][info][gc] GC(98) Pause Remark 48M->48M(48M) 9.616ms
[298.137s][info][gc] GC(98) Concurrent Sweep
[298.150s][info][gc] GC(98) Concurrent Sweep 13.268ms
[298.150s][info][gc] GC(98) Concurrent Reset
[298.150s][info][gc] GC(98) Concurrent Reset 0.034ms
[298.220s][info][gc] GC(100) Pause Full (Allocation Failure) 48M->48M(48M) 69.469ms
[298.220s][info][gc] GC(99) Pause Young (Allocation Failure) 48M->48M(48M) 69.544ms
[298.226s][info][gc] GC(101) Pause Initial Mark 48M->48M(48M) 5.661ms
[298.226s][info][gc] GC(101) Concurrent Mark
[298.250s][info][gc] GC(101) Concurrent Mark 23.796ms
[298.316s][info][gc] GC(102) Pause Full (Allocation Failure) 48M->48M(48M) 89.367ms
[298.385s][info][gc] GC(103) Pause Full (Allocation Failure) 48M->48M(48M) 67.778ms
[298.390s][info][gc] GC(104) Pause Initial Mark 48M->48M(48M) 5.407ms
[298.390s][info][gc] GC(104) Concurrent Mark
[298.412s][info][gc] GC(104) Concurrent Mark 22.244ms
[298.480s][info][gc] GC(105) Pause Full (Allocation Failure) 48M->48M(48M) 89.656ms
[298.548s][info][gc] GC(106) Pause Full (Allocation Failure) 48M->48M(48M) 67.157ms
[298.553s][info][gc] GC(107) Pause Initial Mark 48M->48M(48M) 5.277ms
[298.553s][info][gc] GC(107) Concurrent Mark
[298.576s][info][gc] GC(107) Concurrent Mark 22.759ms
[298.642s][info][gc] GC(108) Pause Full (Allocation Failure) 48M->48M(48M) 88.509ms
[298.709s][info][gc] GC(109) Pause Full (Allocation Failure) 48M->48M(48M) 67.011ms
[298.716s][info][gc] GC(110) Pause Initial Mark 48M->48M(48M) 6.239ms
[298.716s][info][gc] GC(110) Concurrent Mark
[298.739s][info][gc] GC(110) Concurrent Mark 23.251ms
[298.806s][info][gc] GC(111) Pause Full (Allocation Failure) 48M->48M(48M) 90.173ms
[298.874s][info][gc] GC(112) Pause Full (Allocation Failure) 48M->48M(48M) 68.121ms
[298.880s][info][gc] GC(113) Pause Initial Mark 48M->48M(48M) 5.322ms
[298.880s][info][gc] GC(113) Concurrent Mark
[298.902s][info][gc] GC(113) Concurrent Mark 21.842ms
[298.974s][info][gc] GC(114) Pause Full (Allocation Failure) 48M->48M(48M) 93.722ms
[299.040s][info][gc] GC(115) Pause Full (Allocation Failure) 48M->48M(48M) 66.292ms
[299.109s][info][gc] GC(116) Pause Full (Allocation Failure) 48M->48M(48M) 68.903ms
[299.180s][info][gc] GC(117) Pause Full (Allocation Failure) 48M->48M(48M) 70.720ms
[299.267s][info][gc] GC(118) Pause Full (Allocation Failure) 48M->48M(48M) 86.511ms
[299.273s][info][gc] GC(119) Pause Initial Mark 48M->48M(48M) 5.923ms
[299.273s][info][gc] GC(119) Concurrent Mark
[299.297s][info][gc] GC(119) Concurrent Mark 24.085ms
[299.369s][info][gc] GC(120) Pause Full (Allocation Failure) 48M->48M(48M) 96.229ms
[299.446s][info][gc] GC(121) Pause Full (Allocation Failure) 48M->48M(48M) 76.680ms
[299.453s][info][gc] GC(122) Pause Initial Mark 48M->48M(48M) 6.034ms
[299.453s][info][gc] GC(122) Concurrent Mark
[299.475s][info][gc] GC(122) Concurrent Mark 22.613ms
[299.544s][info][gc] GC(123) Pause Full (Allocation Failure) 48M->48M(48M) 91.704ms
[299.612s][info][gc] GC(124) Pause Full (Allocation Failure) 48M->48M(48M) 67.205ms
[299.617s][info][gc] GC(125) Pause Initial Mark 48M->48M(48M) 5.447ms
[299.618s][info][gc] GC(125) Concurrent Mark
[299.640s][info][gc] GC(125) Concurrent Mark 22.921ms
[299.709s][info][gc] GC(126) Pause Full (Allocation Failure) 48M->48M(48M) 91.118ms
[299.775s][info][gc] GC(127) Pause Full (Allocation Failure) 48M->48M(48M) 66.070ms
[299.781s][info][gc] GC(128) Pause Initial Mark 48M->48M(48M) 6.419ms
[299.782s][info][gc] GC(128) Concurrent Mark
[299.805s][info][gc] GC(128) Concurrent Mark 23.147ms
[299.873s][info][gc] GC(129) Pause Full (Allocation Failure) 48M->48M(48M) 90.881ms
[299.939s][info][gc] GC(130) Pause Full (Allocation Failure) 48M->48M(48M) 65.967ms
[300.006s][info][gc] GC(131) Pause Full (Allocation Failure) 48M->48M(48M) 67.646ms
[300.079s][info][gc] GC(132) Pause Full (Allocation Failure) 48M->48M(48M) 72.064ms
[300.149s][info][gc] GC(134) Pause Full (Allocation Failure) 48M->48M(48M) 70.440ms
[300.217s][info][gc] GC(135) Pause Full (Allocation Failure) 48M->48M(48M) 67.921ms
[300.285s][info][gc] GC(136) Pause Full (Allocation Failure) 48M->48M(48M) 67.287ms
[300.290s][info][gc] GC(137) Pause Initial Mark 48M->48M(48M) 5.390ms
[300.290s][info][gc] GC(137) Concurrent Mark
[300.314s][info][gc] GC(137) Concurrent Mark 23.427ms
[300.383s][info][gc] GC(138) Pause Full (Allocation Failure) 48M->48M(48M) 92.599ms
[300.452s][info][gc] GC(139) Pause Full (Allocation Failure) 48M->48M(48M) 69.219ms
[300.519s][info][gc] GC(140) Pause Full (Allocation Failure) 48M->48M(48M) 66.813ms
[300.525s][info][gc] GC(141) Pause Initial Mark 48M->48M(48M) 5.549ms
[300.525s][info][gc] GC(141) Concurrent Mark
[300.548s][info][gc] GC(141) Concurrent Mark 22.941ms
[300.625s][info][gc] GC(142) Pause Full (Allocation Failure) 48M->48M(48M) 100.016ms
[300.692s][info][gc] GC(143) Pause Full (Allocation Failure) 48M->48M(48M) 66.709ms
[300.699s][info][gc] GC(144) Pause Initial Mark 48M->48M(48M) 6.301ms
[300.699s][info][gc] GC(144) Concurrent Mark
[300.722s][info][gc] GC(144) Concurrent Mark 23.464ms
[300.787s][info][gc] GC(145) Pause Full (Allocation Failure) 48M->43M(48M) 87.577ms
