[0.016s][info][gc] Using G1
[15.468s][info][gc] GC(0) Pause Young (G1 Evacuation Pause) 14M->3M(50M) 11.748ms
[49.022s][info][gc] GC(1) Pause Young (G1 Evacuation Pause) 28M->9M(50M) 18.043ms
[73.556s][info][gc] GC(2) Pause Young (G1 Evacuation Pause) 26M->13M(50M) 16.936ms
[99.792s][info][gc] GC(3) Pause Young (G1 Evacuation Pause) 29M->18M(50M) 17.535ms
[124.342s][info][gc] GC(4) Pause Young (G1 Evacuation Pause) 33M->22M(50M) 17.909ms
[147.410s][info][gc] GC(5) Pause Young (G1 Evacuation Pause) 36M->25M(50M) 16.909ms
[167.134s][info][gc] GC(6) Pause Initial Mark (G1 Evacuation Pause) 37M->29M(50M) 15.565ms
[167.134s][info][gc] GC(7) Concurrent Cycle
[167.170s][info][gc] GC(7) Pause Remark 29M->29M(50M) 1.315ms
[167.181s][info][gc] GC(7) Pause Cleanup 29M->29M(50M) 1.167ms
[167.181s][info][gc] GC(7) Concurrent Cycle 47.353ms
[181.942s][info][gc] GC(8) Pause Young (G1 Evacuation Pause) 38M->32M(50M) 13.317ms
[193.419s][info][gc] GC(9) Pause Initial Mark (G1 Evacuation Pause) 39M->34M(50M) 10.660ms
[193.419s][info][gc] GC(10) Concurrent Cycle
[193.462s][info][gc] GC(10) Pause Remark 34M->34M(50M) 1.214ms
[193.473s][info][gc] GC(10) Pause Cleanup 34M->34M(50M) 0.097ms
[193.473s][info][gc] GC(10) Concurrent Cycle 54.694ms
[203.329s][info][gc] GC(11) Pause Young (G1 Evacuation Pause) 40M->36M(50M) 11.180ms
[211.516s][info][gc] GC(12) Pause Initial Mark (G1 Evacuation Pause) 41M->37M(50M) 9.564ms
[211.517s][info][gc] GC(13) Concurrent Cycle
[211.563s][info][gc] GC(13) Pause Remark 37M->37M(50M) 1.165ms
[211.574s][info][gc] GC(13) Pause Cleanup 37M->37M(50M) 0.127ms
[211.575s][info][gc] GC(13) Concurrent Cycle 58.085ms
[218.027s][info][gc] GC(14) Pause Young (G1 Evacuation Pause) 41M->38M(50M) 7.589ms
[222.944s][info][gc] GC(15) Pause Initial Mark (G1 Evacuation Pause) 41M->39M(50M) 4.372ms
[222.944s][info][gc] GC(16) Concurrent Cycle
[223.005s][info][gc] GC(16) Pause Remark 39M->39M(50M) 1.249ms
[223.020s][info][gc] GC(16) Pause Cleanup 39M->39M(50M) 0.127ms
[223.020s][info][gc] GC(16) Concurrent Cycle 75.594ms
[226.181s][info][gc] GC(17) Pause Young (G1 Evacuation Pause) 41M->40M(50M) 6.478ms
[229.427s][info][gc] GC(18) Pause Initial Mark (G1 Evacuation Pause) 42M->40M(50M) 4.742ms
[229.428s][info][gc] GC(19) Concurrent Cycle
[229.477s][info][gc] GC(19) Pause Remark 40M->40M(50M) 1.204ms
[229.492s][info][gc] GC(19) Pause Cleanup 40M->40M(50M) 0.086ms
[229.492s][info][gc] GC(19) Concurrent Cycle 64.367ms
[230.958s][info][gc] GC(20) Pause Young (G1 Evacuation Pause) 41M->41M(50M) 4.030ms
[232.546s][info][gc] GC(21) Pause Initial Mark (G1 Evacuation Pause) 42M->41M(50M) 3.062ms
[232.546s][info][gc] GC(22) Concurrent Cycle
[232.622s][info][gc] GC(22) Pause Remark 41M->41M(50M) 1.039ms
[232.635s][info][gc] GC(22) Pause Cleanup 41M->41M(50M) 0.087ms
[232.635s][info][gc] GC(22) Concurrent Cycle 89.270ms
[234.132s][info][gc] GC(23) Pause Young (G1 Evacuation Pause) 42M->41M(50M) 3.883ms
[235.649s][info][gc] GC(24) Pause Initial Mark (G1 Evacuation Pause) 42M->41M(50M) 4.234ms
[235.649s][info][gc] GC(25) Concurrent Cycle
[235.702s][info][gc] GC(25) Pause Remark 41M->41M(50M) 1.218ms
[235.716s][info][gc] GC(25) Pause Cleanup 41M->41M(50M) 0.094ms
[235.717s][info][gc] GC(25) Concurrent Cycle 67.355ms
[237.180s][info][gc] GC(26) Pause Young (G1 Evacuation Pause) 42M->42M(50M) 3.451ms
[238.771s][info][gc] GC(27) Pause Initial Mark (G1 Evacuation Pause) 43M->42M(50M) 3.899ms
[238.771s][info][gc] GC(28) Concurrent Cycle
[238.826s][info][gc] GC(28) Pause Remark 42M->42M(50M) 1.125ms
[238.840s][info][gc] GC(28) Pause Cleanup 42M->42M(50M) 0.143ms
[238.840s][info][gc] GC(28) Concurrent Cycle 68.864ms
[240.373s][info][gc] GC(29) Pause Young (G1 Evacuation Pause) 43M->42M(50M) 3.915ms
[241.907s][info][gc] GC(30) Pause Initial Mark (G1 Evacuation Pause) 43M->42M(50M) 4.353ms
[241.907s][info][gc] GC(31) Concurrent Cycle
[241.959s][info][gc] GC(31) Pause Remark 43M->43M(50M) 1.309ms
[241.974s][info][gc] GC(31) Pause Cleanup 43M->43M(50M) 0.091ms
[241.974s][info][gc] GC(31) Concurrent Cycle 67.702ms
[243.499s][info][gc] GC(32) Pause Young (G1 Evacuation Pause) 43M->43M(50M) 3.680ms
[245.017s][info][gc] GC(33) Pause Initial Mark (G1 Evacuation Pause) 44M->43M(50M) 2.949ms
[245.017s][info][gc] GC(34) Concurrent Cycle
[245.070s][info][gc] GC(34) Pause Remark 43M->43M(50M) 1.154ms
[245.085s][info][gc] GC(34) Pause Cleanup 43M->43M(50M) 0.103ms
[245.085s][info][gc] GC(34) Concurrent Cycle 67.887ms
[246.588s][info][gc] GC(35) Pause Young (G1 Evacuation Pause) 44M->43M(50M) 3.707ms
[248.120s][info][gc] GC(36) Pause Initial Mark (G1 Evacuation Pause) 44M->44M(50M) 4.027ms
[248.120s][info][gc] GC(37) Concurrent Cycle
[248.176s][info][gc] GC(37) Pause Remark 44M->44M(50M) 1.076ms
[248.190s][info][gc] GC(37) Pause Cleanup 44M->44M(50M) 0.093ms
[248.190s][info][gc] GC(37) Concurrent Cycle 69.840ms
[249.706s][info][gc] GC(38) Pause Young (G1 Evacuation Pause) 45M->44M(50M) 4.088ms
[251.232s][info][gc] GC(39) Pause Initial Mark (G1 Evacuation Pause) 45M->44M(50M) 3.695ms
[251.232s][info][gc] GC(40) Concurrent Cycle
[251.290s][info][gc] GC(40) Pause Remark 44M->44M(50M) 1.362ms
[251.304s][info][gc] GC(40) Pause Cleanup 44M->44M(50M) 0.107ms
[251.304s][info][gc] GC(40) Concurrent Cycle 72.492ms
[252.806s][info][gc] GC(41) Pause Young (G1 Evacuation Pause) 45M->44M(50M) 3.973ms
[254.390s][info][gc] GC(42) Pause Initial Mark (G1 Evacuation Pause) 45M->45M(50M) 4.120ms
[254.390s][info][gc] GC(43) Concurrent Cycle
[254.454s][info][gc] GC(43) Pause Remark 45M->45M(50M) 2.355ms
[254.469s][info][gc] GC(43) Pause Cleanup 45M->45M(50M) 0.110ms
[254.469s][info][gc] GC(43) Concurrent Cycle 78.988ms
[255.905s][info][gc] GC(44) Pause Young (G1 Evacuation Pause) 46M->45M(50M) 1.947ms
[257.486s][info][gc] GC(45) Pause Initial Mark (G1 Evacuation Pause) 46M->45M(50M) 4.543ms
[257.486s][info][gc] GC(46) Concurrent Cycle
[257.545s][info][gc] GC(46) Pause Remark 45M->45M(50M) 1.181ms
[257.560s][info][gc] GC(46) Pause Cleanup 45M->45M(50M) 0.110ms
[257.560s][info][gc] GC(46) Concurrent Cycle 74.389ms
[259.007s][info][gc] GC(47) Pause Young (G1 Evacuation Pause) 46M->46M(50M) 3.680ms
[260.600s][info][gc] GC(48) Pause Initial Mark (G1 Evacuation Pause) 47M->46M(50M) 3.843ms
[260.600s][info][gc] GC(49) Concurrent Cycle
[260.657s][info][gc] GC(49) Pause Remark 46M->46M(50M) 1.177ms
[260.673s][info][gc] GC(49) Pause Cleanup 46M->46M(50M) 0.107ms
[260.673s][info][gc] GC(49) Concurrent Cycle 73.350ms
[262.107s][info][gc] GC(50) Pause Young (G1 Evacuation Pause) 47M->46M(50M) 3.853ms
[263.693s][info][gc] GC(51) Pause Initial Mark (G1 Evacuation Pause) 47M->46M(50M) 4.343ms
[263.693s][info][gc] GC(52) Concurrent Cycle
[263.759s][info][gc] GC(52) Pause Remark 47M->47M(50M) 1.102ms
[263.776s][info][gc] GC(52) Pause Cleanup 47M->47M(50M) 0.122ms
[263.776s][info][gc] GC(52) Concurrent Cycle 82.323ms
[265.292s][info][gc] GC(53) Pause Young (G1 Evacuation Pause) 47M->47M(50M) 5.041ms
[266.814s][info][gc] GC(54) Pause Initial Mark (G1 Evacuation Pause) 48M->47M(50M) 4.462ms
[266.815s][info][gc] GC(55) Concurrent Cycle
[266.876s][info][gc] GC(55) Pause Remark 47M->47M(50M) 1.286ms
[266.893s][info][gc] GC(55) Pause Cleanup 47M->47M(50M) 0.126ms
[266.893s][info][gc] GC(55) Concurrent Cycle 78.541ms
[268.399s][info][gc] GC(56) To-space exhausted
[268.399s][info][gc] GC(56) Pause Young (G1 Evacuation Pause) 48M->48M(50M) 5.100ms
[269.921s][info][gc] GC(57) To-space exhausted
[269.921s][info][gc] GC(57) Pause Initial Mark (G1 Evacuation Pause) 49M->49M(50M) 6.249ms
[269.921s][info][gc] GC(58) Concurrent Cycle
[269.922s][info][gc] GC(59) Pause Young (G1 Evacuation Pause) 49M->49M(50M) 0.609ms
[269.923s][info][gc] GC(60) Pause Young (G1 Evacuation Pause) 49M->49M(50M) 0.560ms
[270.022s][info][gc] GC(61) Pause Full (Allocation Failure) 49M->43M(50M) 99.119ms
[270.022s][info][gc] GC(58) Concurrent Cycle 101.114ms
[273.047s][info][gc] GC(62) Pause Young (G1 Evacuation Pause) 45M->44M(50M) 4.295ms
[274.630s][info][gc] GC(63) Pause Initial Mark (G1 Evacuation Pause) 45M->44M(50M) 3.671ms
[274.630s][info][gc] GC(64) Concurrent Cycle
[274.695s][info][gc] GC(64) Pause Remark 44M->44M(50M) 2.217ms
[274.712s][info][gc] GC(64) Pause Cleanup 44M->44M(50M) 0.093ms
[274.712s][info][gc] GC(64) Concurrent Cycle 81.414ms
[276.153s][info][gc] GC(65) Pause Young (G1 Evacuation Pause) 45M->45M(50M) 3.094ms
[277.731s][info][gc] GC(66) Pause Initial Mark (G1 Evacuation Pause) 46M->45M(50M) 2.384ms
[277.731s][info][gc] GC(67) Concurrent Cycle
[277.794s][info][gc] GC(67) Pause Remark 45M->45M(50M) 1.140ms
[277.810s][info][gc] GC(67) Pause Cleanup 45M->45M(50M) 0.123ms
[277.810s][info][gc] GC(67) Concurrent Cycle 79.245ms
[279.256s][info][gc] GC(68) Pause Young (G1 Evacuation Pause) 46M->45M(50M) 5.072ms
[280.838s][info][gc] GC(69) Pause Initial Mark (G1 Evacuation Pause) 46M->45M(50M) 3.820ms
[280.838s][info][gc] GC(70) Concurrent Cycle
[280.905s][info][gc] GC(70) Pause Remark 45M->45M(50M) 1.799ms
[280.921s][info][gc] GC(70) Pause Cleanup 45M->45M(50M) 0.130ms
[280.921s][info][gc] GC(70) Concurrent Cycle 83.070ms
[282.354s][info][gc] GC(71) Pause Young (G1 Evacuation Pause) 46M->46M(50M) 3.557ms
[283.953s][info][gc] GC(72) Pause Initial Mark (G1 Evacuation Pause) 47M->46M(50M) 3.644ms
[283.953s][info][gc] GC(73) Concurrent Cycle
[284.021s][info][gc] GC(73) Pause Remark 46M->46M(50M) 1.853ms
[284.038s][info][gc] GC(73) Pause Cleanup 46M->46M(50M) 0.138ms
[284.038s][info][gc] GC(73) Concurrent Cycle 84.941ms
[285.542s][info][gc] GC(74) Pause Young (G1 Evacuation Pause) 47M->46M(50M) 3.870ms
[287.065s][info][gc] GC(75) Pause Initial Mark (G1 Evacuation Pause) 47M->46M(50M) 3.830ms
[287.065s][info][gc] GC(76) Concurrent Cycle
[287.132s][info][gc] GC(76) Pause Remark 47M->47M(50M) 2.359ms
[287.149s][info][gc] GC(76) Pause Cleanup 47M->47M(50M) 0.094ms
[287.149s][info][gc] GC(76) Concurrent Cycle 84.231ms
[288.655s][info][gc] GC(77) Pause Young (G1 Evacuation Pause) 47M->47M(50M) 4.819ms
[290.164s][info][gc] GC(78) To-space exhausted
[290.164s][info][gc] GC(78) Pause Initial Mark (G1 Evacuation Pause) 48M->48M(50M) 4.767ms
[290.164s][info][gc] GC(79) Concurrent Cycle
[290.228s][info][gc] GC(79) Pause Remark 48M->48M(50M) 1.101ms
[290.245s][info][gc] GC(79) Pause Cleanup 48M->48M(50M) 0.208ms
[290.245s][info][gc] GC(79) Concurrent Cycle 81.096ms
[291.749s][info][gc] GC(80) To-space exhausted
[291.749s][info][gc] GC(80) Pause Young (G1 Evacuation Pause) 49M->49M(50M) 5.754ms
[291.750s][info][gc] GC(81) Pause Initial Mark (G1 Evacuation Pause) 49M->49M(50M) 0.536ms
[291.750s][info][gc] GC(82) Concurrent Cycle
[291.750s][info][gc] GC(83) Pause Young (G1 Evacuation Pause) 49M->49M(50M) 0.625ms
[291.855s][info][gc] GC(84) Pause Full (Allocation Failure) 49M->47M(50M) 104.011ms
[291.855s][info][gc] GC(82) Concurrent Cycle 104.965ms
[294.887s][info][gc] GC(85) To-space exhausted
[294.888s][info][gc] GC(85) Pause Young (G1 Evacuation Pause) 49M->49M(50M) 5.348ms
[294.889s][info][gc] GC(86) Pause Initial Mark (G1 Evacuation Pause) 49M->49M(50M) 1.045ms
[294.889s][info][gc] GC(87) Concurrent Cycle
[294.984s][info][gc] GC(88) Pause Full (Allocation Failure) 49M->48M(50M) 94.804ms
[294.984s][info][gc] GC(87) Concurrent Cycle 94.954ms
[296.450s][info][gc] GC(89) To-space exhausted
[296.450s][info][gc] GC(89) Pause Young (G1 Evacuation Pause) 49M->49M(50M) 4.561ms
[296.451s][info][gc] GC(90) Pause Initial Mark (G1 Evacuation Pause) 49M->49M(50M) 1.089ms
[296.451s][info][gc] GC(91) Concurrent Cycle
[296.453s][info][gc] GC(92) Pause Young (G1 Evacuation Pause) 49M->49M(50M) 1.527ms
[296.553s][info][gc] GC(93) Pause Full (Allocation Failure) 49M->48M(50M) 99.606ms
[296.553s][info][gc] GC(91) Concurrent Cycle 101.783ms
[298.018s][info][gc] GC(94) To-space exhausted
[298.018s][info][gc] GC(94) Pause Young (G1 Evacuation Pause) 49M->49M(50M) 6.738ms
[298.019s][info][gc] GC(95) Pause Initial Mark (G1 Evacuation Pause) 49M->49M(50M) 0.962ms
[298.019s][info][gc] GC(96) Concurrent Cycle
[298.125s][info][gc] GC(97) Pause Full (Allocation Failure) 49M->48M(50M) 105.728ms
[298.125s][info][gc] GC(96) Concurrent Cycle 105.932ms
[299.581s][info][gc] GC(98) To-space exhausted
[299.581s][info][gc] GC(98) Pause Young (G1 Evacuation Pause) 49M->49M(50M) 5.767ms
[299.582s][info][gc] GC(99) Pause Initial Mark (G1 Evacuation Pause) 49M->49M(50M) 0.716ms
[299.582s][info][gc] GC(100) Concurrent Cycle
[299.679s][info][gc] GC(101) Pause Full (Allocation Failure) 49M->48M(50M) 96.700ms
[299.679s][info][gc] GC(100) Concurrent Cycle 96.878ms
[301.220s][info][gc] GC(102) To-space exhausted
[301.220s][info][gc] GC(102) Pause Young (G1 Evacuation Pause) 49M->49M(50M) 4.499ms
[301.221s][info][gc] GC(103) Pause Initial Mark (G1 Evacuation Pause) 49M->49M(50M) 1.044ms
[301.221s][info][gc] GC(104) Concurrent Cycle
[301.222s][info][gc] GC(105) Pause Young (G1 Evacuation Pause) 49M->49M(50M) 0.449ms
[301.322s][info][gc] GC(106) Pause Full (Allocation Failure) 49M->49M(50M) 99.356ms
[301.416s][info][gc] GC(107) Pause Full (Allocation Failure) 49M->49M(50M) 94.313ms
[301.416s][info][gc] GC(104) Concurrent Cycle 194.602ms
[301.416s][info][gc] GC(108) Pause Young (G1 Evacuation Pause) 49M->49M(50M) 0.255ms
[301.517s][info][gc] GC(109) Pause Full (Allocation Failure) 49M->49M(50M) 100.772ms
[301.610s][info][gc] GC(110) Pause Full (Allocation Failure) 49M->49M(50M) 92.405ms
[301.611s][info][gc] GC(111) Pause Initial Mark (G1 Evacuation Pause) 49M->49M(50M) 0.786ms
[301.611s][info][gc] GC(112) Concurrent Cycle
[301.611s][info][gc] GC(113) Pause Young (G1 Evacuation Pause) 49M->49M(50M) 0.216ms
[301.709s][info][gc] GC(114) Pause Full (Allocation Failure) 49M->48M(50M) 97.917ms
[301.710s][info][gc] GC(112) Concurrent Cycle 98.763ms
