[0.017s][info][gc] Using Serial
[14.351s][info][gc] GC(0) Pause Young (Allocation Failure) 13M->3M(48M) 10.103ms
[31.079s][info][gc] GC(1) Pause Young (Allocation Failure) 16M->6M(48M) 11.921ms
[49.914s][info][gc] GC(2) Pause Young (Allocation Failure) 19M->9M(48M) 11.399ms
[68.928s][info][gc] GC(3) Pause Young (Allocation Failure) 22M->12M(48M) 9.673ms
[90.803s][info][gc] GC(4) Pause Young (Allocation Failure) 25M->15M(48M) 12.248ms
[113.014s][info][gc] GC(5) Pause Young (Allocation Failure) 29M->19M(48M) 10.000ms
[135.127s][info][gc] GC(6) Pause Young (Allocation Failure) 32M->22M(48M) 13.728ms
[157.309s][info][gc] GC(7) Pause Young (Allocation Failure) 36M->26M(48M) 12.479ms
[179.533s][info][gc] GC(8) Pause Young (Allocation Failure) 39M->29M(48M) 10.519ms
[201.685s][info][gc] GC(9) Pause Young (Allocation Failure) 42M->33M(48M) 10.500ms
[223.925s][info][gc] GC(11) Pause Full (Allocation Failure) 46M->36M(48M) 58.518ms
[223.926s][info][gc] GC(10) Pause Young (Allocation Failure) 46M->36M(48M) 59.635ms
[243.415s][info][gc] GC(12) Pause Full (Allocation Failure) 48M->39M(48M) 60.291ms
[258.042s][info][gc] GC(13) Pause Full (Allocation Failure) 48M->41M(48M) 62.900ms
[268.776s][info][gc] GC(14) Pause Full (Allocation Failure) 48M->43M(48M) 129.962ms
[277.292s][info][gc] GC(15) Pause Full (Allocation Failure) 48M->44M(48M) 62.445ms
[283.554s][info][gc] GC(16) Pause Full (Allocation Failure) 48M->45M(48M) 90.568ms
[288.164s][info][gc] GC(17) Pause Full (Allocation Failure) 48M->46M(48M) 74.811ms
[291.688s][info][gc] GC(18) Pause Full (Allocation Failure) 48M->46M(48M) 175.182ms
[294.242s][info][gc] GC(19) Pause Full (Allocation Failure) 48M->47M(48M) 77.238ms
[296.108s][info][gc] GC(20) Pause Full (Allocation Failure) 48M->47M(48M) 79.076ms
[297.532s][info][gc] GC(21) Pause Full (Allocation Failure) 48M->47M(48M) 84.759ms
[298.559s][info][gc] GC(22) Pause Full (Allocation Failure) 48M->47M(48M) 71.521ms
[299.326s][info][gc] GC(23) Pause Full (Allocation Failure) 48M->48M(48M) 66.407ms
[299.918s][info][gc] GC(24) Pause Full (Allocation Failure) 48M->48M(48M) 77.439ms
[300.388s][info][gc] GC(25) Pause Full (Allocation Failure) 48M->48M(48M) 87.546ms
[300.662s][info][gc] GC(26) Pause Full (Allocation Failure) 48M->48M(48M) 85.429ms
[300.928s][info][gc] GC(27) Pause Full (Allocation Failure) 48M->48M(48M) 75.764ms
[301.067s][info][gc] GC(28) Pause Full (Allocation Failure) 48M->48M(48M) 74.100ms
[301.200s][info][gc] GC(29) Pause Full (Allocation Failure) 48M->48M(48M) 67.112ms
[301.268s][info][gc] GC(30) Pause Full (Allocation Failure) 48M->48M(48M) 68.136ms
[301.338s][info][gc] GC(31) Pause Full (Allocation Failure) 48M->48M(48M) 69.692ms
[301.402s][info][gc] GC(32) Pause Full (Allocation Failure) 48M->48M(48M) 63.330ms
[301.468s][info][gc] GC(33) Pause Full (Allocation Failure) 48M->48M(48M) 65.533ms
[301.533s][info][gc] GC(34) Pause Full (Allocation Failure) 48M->48M(48M) 64.460ms
[301.607s][info][gc] GC(35) Pause Full (Allocation Failure) 48M->48M(48M) 73.903ms
[301.675s][info][gc] GC(36) Pause Full (Allocation Failure) 48M->48M(48M) 67.627ms
[301.749s][info][gc] GC(37) Pause Full (Allocation Failure) 48M->48M(48M) 73.946ms
[301.833s][info][gc] GC(38) Pause Full (Allocation Failure) 48M->48M(48M) 83.723ms
[301.926s][info][gc] GC(39) Pause Full (Allocation Failure) 48M->48M(48M) 92.379ms
[302.018s][info][gc] GC(40) Pause Full (Allocation Failure) 48M->48M(48M) 92.134ms
[302.130s][info][gc] GC(41) Pause Full (Allocation Failure) 48M->48M(48M) 111.567ms
[302.203s][info][gc] GC(42) Pause Full (Allocation Failure) 48M->48M(48M) 72.542ms
[302.272s][info][gc] GC(43) Pause Full (Allocation Failure) 48M->48M(48M) 67.909ms
[302.338s][info][gc] GC(44) Pause Full (Allocation Failure) 48M->48M(48M) 65.832ms
[302.400s][info][gc] GC(45) Pause Full (Allocation Failure) 48M->48M(48M) 62.550ms
[302.479s][info][gc] GC(46) Pause Full (Allocation Failure) 48M->48M(48M) 78.108ms
[302.570s][info][gc] GC(47) Pause Full (Allocation Failure) 48M->48M(48M) 91.219ms
[302.660s][info][gc] GC(48) Pause Full (Allocation Failure) 48M->48M(48M) 88.756ms
[302.743s][info][gc] GC(49) Pause Full (Allocation Failure) 48M->48M(48M) 82.861ms
[302.821s][info][gc] GC(50) Pause Full (Allocation Failure) 48M->48M(48M) 77.789ms
[302.885s][info][gc] GC(51) Pause Full (Allocation Failure) 48M->48M(48M) 63.081ms
[302.956s][info][gc] GC(52) Pause Full (Allocation Failure) 48M->48M(48M) 70.785ms
[303.024s][info][gc] GC(53) Pause Full (Allocation Failure) 48M->48M(48M) 67.280ms
[303.101s][info][gc] GC(54) Pause Full (Allocation Failure) 48M->48M(48M) 77.168ms
[303.162s][info][gc] GC(55) Pause Full (Allocation Failure) 48M->48M(48M) 59.970ms
[303.236s][info][gc] GC(56) Pause Full (Allocation Failure) 48M->48M(48M) 74.397ms
[303.298s][info][gc] GC(57) Pause Full (Allocation Failure) 48M->48M(48M) 61.781ms
[303.362s][info][gc] GC(58) Pause Full (Allocation Failure) 48M->48M(48M) 63.090ms
[303.429s][info][gc] GC(59) Pause Full (Allocation Failure) 48M->48M(48M) 67.682ms
[303.499s][info][gc] GC(60) Pause Full (Allocation Failure) 48M->48M(48M) 69.320ms
[303.562s][info][gc] GC(61) Pause Full (Allocation Failure) 48M->48M(48M) 62.758ms
[303.630s][info][gc] GC(62) Pause Full (Allocation Failure) 48M->48M(48M) 68.377ms
[303.696s][info][gc] GC(63) Pause Full (Allocation Failure) 48M->48M(48M) 65.011ms
[303.764s][info][gc] GC(64) Pause Full (Allocation Failure) 48M->48M(48M) 68.614ms
[303.838s][info][gc] GC(65) Pause Full (Allocation Failure) 48M->48M(48M) 72.816ms
[303.924s][info][gc] GC(66) Pause Full (Allocation Failure) 48M->48M(48M) 85.815ms
[304.005s][info][gc] GC(67) Pause Full (Allocation Failure) 48M->48M(48M) 81.613ms
[304.079s][info][gc] GC(68) Pause Full (Allocation Failure) 48M->48M(48M) 73.549ms
[304.152s][info][gc] GC(69) Pause Full (Allocation Failure) 48M->48M(48M) 72.891ms
[304.227s][info][gc] GC(70) Pause Full (Allocation Failure) 48M->48M(48M) 74.916ms
[304.299s][info][gc] GC(71) Pause Full (Allocation Failure) 48M->48M(48M) 71.347ms
[304.367s][info][gc] GC(72) Pause Full (Allocation Failure) 48M->45M(48M) 67.206ms
