[0.015s][info][gc] Using Parallel
[13.156s][info][gc] GC(0) Pause Young (Allocation Failure) 12M->3M(48M) 10.162ms
[28.760s][info][gc] GC(1) Pause Young (Allocation Failure) 15M->6M(48M) 12.046ms
[46.270s][info][gc] GC(2) Pause Young (Allocation Failure) 18M->8M(48M) 10.676ms
[63.923s][info][gc] GC(3) Pause Young (Allocation Failure) 21M->11M(48M) 10.865ms
[83.483s][info][gc] GC(4) Pause Young (Allocation Failure) 24M->14M(48M) 12.501ms
[104.054s][info][gc] GC(5) Pause Young (Allocation Failure) 27M->17M(41M) 11.608ms
[113.013s][info][gc] GC(6) Pause Young (Allocation Failure) 23M->19M(44M) 8.709ms
[122.028s][info][gc] GC(7) Pause Young (Allocation Failure) 24M->20M(44M) 8.160ms
[131.052s][info][gc] GC(8) Pause Young (Allocation Failure) 26M->22M(44M) 10.814ms
[140.106s][info][gc] GC(9) Pause Young (Allocation Failure) 27M->23M(44M) 12.579ms
[149.095s][info][gc] GC(10) Pause Young (Allocation Failure) 29M->25M(44M) 10.713ms
[158.163s][info][gc] GC(11) Pause Young (Allocation Failure) 30M->26M(44M) 8.208ms
[167.165s][info][gc] GC(12) Pause Young (Allocation Failure) 32M->28M(44M) 7.662ms
[176.159s][info][gc] GC(13) Pause Young (Allocation Failure) 33M->29M(44M) 8.201ms
[185.135s][info][gc] GC(14) Pause Young (Allocation Failure) 35M->31M(44M) 8.518ms
[185.289s][info][gc] GC(15) Pause Full (Ergonomics) 31M->30M(44M) 154.176ms
[194.247s][info][gc] GC(16) Pause Full (Ergonomics) 35M->31M(44M) 78.622ms
[203.338s][info][gc] GC(17) Pause Full (Ergonomics) 37M->33M(44M) 54.579ms
[212.379s][info][gc] GC(18) Pause Full (Ergonomics) 38M->34M(44M) 55.892ms
[219.325s][info][gc] GC(19) Pause Full (Ergonomics) 38M->35M(44M) 58.736ms
[224.791s][info][gc] GC(20) Pause Full (Ergonomics) 38M->36M(44M) 57.767ms
[228.792s][info][gc] GC(21) Pause Full (Ergonomics) 38M->37M(44M) 58.094ms
[231.738s][info][gc] GC(22) Pause Full (Ergonomics) 38M->37M(44M) 60.972ms
[233.955s][info][gc] GC(23) Pause Full (Ergonomics) 38M->37M(44M) 64.830ms
[235.612s][info][gc] GC(24) Pause Full (Ergonomics) 38M->38M(44M) 58.024ms
[236.783s][info][gc] GC(25) Pause Full (Ergonomics) 38M->38M(44M) 58.207ms
[237.626s][info][gc] GC(26) Pause Full (Ergonomics) 38M->38M(44M) 61.097ms
[238.219s][info][gc] GC(27) Pause Full (Ergonomics) 38M->38M(44M) 67.084ms
[238.701s][info][gc] GC(28) Pause Full (Ergonomics) 38M->38M(44M) 69.938ms
[239.093s][info][gc] GC(29) Pause Full (Ergonomics) 38M->38M(44M) 56.150ms
[239.283s][info][gc] GC(30) Pause Full (Ergonomics) 38M->38M(44M) 58.324ms
[239.476s][info][gc] GC(31) Pause Full (Ergonomics) 38M->38M(44M) 58.767ms
[239.607s][info][gc] GC(32) Pause Full (Ergonomics) 38M->38M(44M) 59.964ms
[239.735s][info][gc] GC(33) Pause Full (Ergonomics) 38M->38M(44M) 59.617ms
[239.790s][info][gc] GC(34) Pause Full (Ergonomics) 38M->38M(44M) 53.579ms
[239.843s][info][gc] GC(35) Pause Full (Ergonomics) 38M->38M(44M) 52.970ms
[239.896s][info][gc] GC(36) Pause Full (Ergonomics) 38M->38M(44M) 52.251ms
[239.947s][info][gc] GC(37) Pause Full (Ergonomics) 38M->38M(44M) 50.694ms
[239.999s][info][gc] GC(38) Pause Full (Ergonomics) 38M->38M(44M) 52.137ms
[240.052s][info][gc] GC(39) Pause Full (Ergonomics) 38M->38M(44M) 52.397ms
[240.107s][info][gc] GC(40) Pause Full (Ergonomics) 38M->38M(44M) 54.684ms
[240.160s][info][gc] GC(41) Pause Full (Ergonomics) 38M->38M(44M) 53.108ms
[240.213s][info][gc] GC(42) Pause Full (Ergonomics) 38M->38M(44M) 52.892ms
[240.265s][info][gc] GC(43) Pause Full (Ergonomics) 38M->38M(44M) 51.320ms
[240.316s][info][gc] GC(44) Pause Full (Ergonomics) 38M->38M(44M) 51.084ms
[240.369s][info][gc] GC(45) Pause Full (Ergonomics) 38M->38M(44M) 52.969ms
[240.420s][info][gc] GC(46) Pause Full (Ergonomics) 38M->38M(44M) 50.828ms
[240.472s][info][gc] GC(47) Pause Full (Ergonomics) 38M->38M(44M) 51.230ms
[240.525s][info][gc] GC(48) Pause Full (Ergonomics) 38M->38M(44M) 53.135ms
[240.576s][info][gc] GC(49) Pause Full (Ergonomics) 38M->38M(44M) 50.898ms
[240.627s][info][gc] GC(50) Pause Full (Ergonomics) 38M->38M(44M) 51.187ms
[240.678s][info][gc] GC(51) Pause Full (Ergonomics) 38M->38M(44M) 50.650ms
[240.731s][info][gc] GC(52) Pause Full (Ergonomics) 38M->38M(44M) 52.775ms
[240.783s][info][gc] GC(53) Pause Full (Ergonomics) 38M->38M(44M) 51.830ms
[240.835s][info][gc] GC(54) Pause Full (Ergonomics) 38M->38M(44M) 51.609ms
[240.889s][info][gc] GC(55) Pause Full (Ergonomics) 38M->38M(44M) 53.646ms
[240.943s][info][gc] GC(56) Pause Full (Ergonomics) 38M->38M(44M) 53.918ms
[240.995s][info][gc] GC(57) Pause Full (Ergonomics) 38M->38M(44M) 52.106ms
[241.050s][info][gc] GC(58) Pause Full (Ergonomics) 38M->38M(44M) 54.267ms
[241.101s][info][gc] GC(59) Pause Full (Ergonomics) 38M->38M(44M) 51.611ms
[241.155s][info][gc] GC(60) Pause Full (Ergonomics) 38M->38M(44M) 53.527ms
[241.206s][info][gc] GC(61) Pause Full (Ergonomics) 38M->38M(44M) 51.055ms
[241.280s][info][gc] GC(62) Pause Full (Ergonomics) 38M->38M(44M) 73.337ms
[241.344s][info][gc] GC(63) Pause Full (Ergonomics) 38M->38M(44M) 63.805ms
[241.396s][info][gc] GC(64) Pause Full (Ergonomics) 38M->38M(44M) 51.977ms
[241.458s][info][gc] GC(65) Pause Full (Ergonomics) 38M->38M(44M) 61.637ms
[241.510s][info][gc] GC(66) Pause Full (Ergonomics) 38M->38M(44M) 52.162ms
[241.562s][info][gc] GC(67) Pause Full (Ergonomics) 38M->38M(44M) 51.219ms
[241.614s][info][gc] GC(68) Pause Full (Ergonomics) 38M->38M(44M) 51.614ms
[241.664s][info][gc] GC(69) Pause Full (Ergonomics) 38M->38M(44M) 50.429ms
[241.720s][info][gc] GC(70) Pause Full (Ergonomics) 38M->23M(44M) 51.626ms
